[T4r_neg] ✅ 100s 峰值显存 22.1GB -> /home/sean/projects/ComfyUI/output/video/h3_seedance2/T4r_neg_00001_.mp4
[T4r_pos] ✅ 100s 峰值显存 22.1GB -> /home/sean/projects/ComfyUI/output/video/h3_seedance2/T4r_pos_00001_.mp4
[T4r_ctl] ✅ 100s 峰值显存 22.0GB -> /home/sean/projects/ComfyUI/output/video/h3_seedance2/T4r_ctl_00001_.mp4
[T5r_fast] ✅ 100s 峰值显存 22.1GB -> /home/sean/projects/ComfyUI/output/video/h3_seedance2/T5r_fast_00001_.mp4
[T5r_phys] ✅ 100s 峰值显存 22.1GB -> /home/sean/projects/ComfyUI/output/video/h3_seedance2/T5r_phys_00001_.mp4
[T7r_bad] ✅ 100s 峰值显存 21.9GB -> /home/sean/projects/ComfyUI/output/video/h3_seedance2/T7r_bad_00001_.mp4
[T7r_good] ✅ 100s 峰值显存 22.0GB -> /home/sean/projects/ComfyUI/output/video/h3_seedance2/T7r_good_00001_.mp4
[T6r_a] ✅ 100s 峰值显存 22.1GB -> /home/sean/projects/ComfyUI/output/video/h3_seedance2/T6r_a_00001_.mp4
[T6r_b] ✅ 100s 峰值显存 22.1GB -> /home/sean/projects/ComfyUI/output/video/h3_seedance2/T6r_b_00001_.mp4
[T6r_c] ✅ 100s 峰值显存 22.0GB -> /home/sean/projects/ComfyUI/output/video/h3_seedance2/T6r_c_00001_.mp4

结果: experiments/seedance_verify/cases2.json.results.json
  T4r_neg: 100s vram=22.1 ✅
  T4r_pos: 100s vram=22.1 ✅
  T4r_ctl: 100s vram=22.0 ✅
  T5r_fast: 100s vram=22.1 ✅
  T5r_phys: 100s vram=22.1 ✅
  T7r_bad: 100s vram=21.9 ✅
  T7r_good: 100s vram=22.0 ✅
  T6r_a: 100s vram=22.1 ✅
  T6r_b: 100s vram=22.1 ✅
  T6r_c: 100s vram=22.0 ✅
